[{ "id": "f3729c65-567f-48d3-ac76-caefefabe531", "name": "登録済み" }]
